// Jest Snapshot v1, https://goo.gl/fbAQLP

exports[`NoteList Component  It should match with snapshot 1`] = `[Function]`;
